Time spent generating sequences: 0.45007753372192383
Time spent processing sequences and determining feasible amplicons: 1.7750866413116455, number of feasible amplicons: 29343
Time spent generating primer index and filtering for feasible primers: 50.526028871536255
Time spent determining amplicon differentiabilities: 0.586035966873169
Time spent running greedy algorithm: 8.973306894302368
Amplicon: (22904, 23104)
Forward primers
>F0
aggctgcgttatagcttggaattct
>R0
gttgctggtgcatgtagaagttcaa
>R1
ttaggtccacaaacagttgctgatg
Amplicon: (29509, 29709)
Forward primers
>F1
tcctgctgcagatttggatgatttc
>F2
cctgctgcagatttggatgatttct
>F3
tcttcttcctgctgcagatttggat
>F4
cttcttcctgctgcagatttggatg
>R2
aatgtggtggctctttcaagtcctc
>R3
aatgtggtggctctttcaagtgctc
>R4
atgtggtggctctttcaagtactcc
>R5
aaatgtggtggctctttcaagttct
Amplicon: (10123, 10323)
Forward primers
>F5
cccatctggtaaagttgagggttgt
>R6
aggtgtcttaggattggctgtatca
Amplicon: (1595, 1795)
Forward primers
>F6
acaggtgttgttggagaaggttccg
>R7
tgttcaccaatattccaggcacctt
>R8
ctgttcaccaatattccaggcactt
