OL967582.1
OL903283.1
MZ145525.1
OM495377.1
MZ643413.1
MZ206783.1
MZ578593.1
OR619196.1
OQ265793.1
OL770428.1
ON954309.1
OL882558.1
MW916477.1
MZ967975.1
OK246612.1
OP736335.1
OP387923.1
ON186068.1
OP813652.1
OM275260.1
ON192474.1
OQ362506.1
BS002906.1
ON914252.1
OQ347120.1
